Username, статистика для последних 1 постов: {п:0,03,о:0,16,c:0,03,т:0,13,р:0,03,е:0,06,н:0,03,и:0,10,а:0,06,б:0,03,л:0,06,ц:0,03,ы:0,03,ч:0,03,с:0,06,м:0,03,в:0,06}